


ARM Macro Assembler    Page 1 


    1 00000000                 AREA             RESET,DATA,READONLY
    2 00000000                 EXPORT           __Vectors
    3 00000000         __Vectors
    4 00000000 10001000        DCD              0X10001000
    5 00000004 00000000        DCD              Reset_Handler
    6 00000008         
    7 00000008                 ALIGN
    8 00000008                 AREA             mycode, CODE, READONLY
    9 00000000                 ENTRY
   10 00000000                 EXPORT           Reset_Handler
   11 00000000         Reset_Handler
   12 00000000 4908            LDR              R1, =N1
   13 00000002 4A09            LDR              R2, =N2
   14 00000004 460B            MOV              R3, R1
   15 00000006 4614            MOV              R4, R2
   16 00000008 4D08            LDR              R5, =DST
   17 0000000A 42A3    UP      CMP              R3, R4
   18 0000000C D007            BEQ              EXIT
   19 0000000E D803            BHI              HIGH
   20 00000010 D3FF            BLO              LOW
   21 00000012 EBA4 0403 
                       LOW     SUB              R4,R3
   22 00000016 E7F8            B                UP
   23 00000018 EBA3 0304 
                       HIGH    SUB              R3,R4
   24 0000001C E7F5            B                UP
   25 0000001E 602C    EXIT    STR              R4, [R5]
   26 00000020 E7FF            B                STOP
   27 00000022 E7FE    STOP    B                STOP
   28 00000024 00000008 
                       N1      EQU              8
   29 00000024 0000000A 
                       N2      EQU              10
   30 00000024 00000008 
              0000000A 
              00000000         AREA             MYDATA, DATA, READWRITE
   31 00000000 00000000 
                       DST     DCD              0
   32 00000004                 END
Command Line: --debug --xref --cpu=Cortex-M3 --apcs=interwork --depend=.\Q2.d -
o.\Q2.o -IC:\Keil\ARM\RV31\INC -IC:\Keil\ARM\CMSIS\Include -IC:\Keil\ARM\Inc\NX
P\LPC17xx --predefine="__EVAL SETA 1" --list=.\Q2.lst ..\L2\Q2.S



ARM Macro Assembler    Page 1 Alphabetic symbol ordering
Relocatable symbols

RESET 00000000

Symbol: RESET
   Definitions
      At line 1 in file ..\L2\Q2.S
   Uses
      None
Comment: RESET unused
__Vectors 00000000

Symbol: __Vectors
   Definitions
      At line 3 in file ..\L2\Q2.S
   Uses
      At line 2 in file ..\L2\Q2.S
Comment: __Vectors used once
2 symbols



ARM Macro Assembler    Page 1 Alphabetic symbol ordering
Relocatable symbols

EXIT 0000001E

Symbol: EXIT
   Definitions
      At line 25 in file ..\L2\Q2.S
   Uses
      At line 18 in file ..\L2\Q2.S
Comment: EXIT used once
HIGH 00000018

Symbol: HIGH
   Definitions
      At line 23 in file ..\L2\Q2.S
   Uses
      At line 19 in file ..\L2\Q2.S
Comment: HIGH used once
LOW 00000012

Symbol: LOW
   Definitions
      At line 21 in file ..\L2\Q2.S
   Uses
      At line 20 in file ..\L2\Q2.S
Comment: LOW used once
Reset_Handler 00000000

Symbol: Reset_Handler
   Definitions
      At line 11 in file ..\L2\Q2.S
   Uses
      At line 5 in file ..\L2\Q2.S
      At line 10 in file ..\L2\Q2.S

STOP 00000022

Symbol: STOP
   Definitions
      At line 27 in file ..\L2\Q2.S
   Uses
      At line 26 in file ..\L2\Q2.S
      At line 27 in file ..\L2\Q2.S

UP 0000000A

Symbol: UP
   Definitions
      At line 17 in file ..\L2\Q2.S
   Uses
      At line 22 in file ..\L2\Q2.S
      At line 24 in file ..\L2\Q2.S

mycode 00000000

Symbol: mycode
   Definitions
      At line 8 in file ..\L2\Q2.S
   Uses
      None
Comment: mycode unused



ARM Macro Assembler    Page 2 Alphabetic symbol ordering
Relocatable symbols

7 symbols



ARM Macro Assembler    Page 1 Alphabetic symbol ordering
Relocatable symbols

DST 00000000

Symbol: DST
   Definitions
      At line 31 in file ..\L2\Q2.S
   Uses
      At line 16 in file ..\L2\Q2.S
Comment: DST used once
MYDATA 00000000

Symbol: MYDATA
   Definitions
      At line 30 in file ..\L2\Q2.S
   Uses
      None
Comment: MYDATA unused
2 symbols



ARM Macro Assembler    Page 1 Alphabetic symbol ordering
Absolute symbols

N1 00000008

Symbol: N1
   Definitions
      At line 28 in file ..\L2\Q2.S
   Uses
      At line 12 in file ..\L2\Q2.S
Comment: N1 used once
N2 0000000A

Symbol: N2
   Definitions
      At line 29 in file ..\L2\Q2.S
   Uses
      At line 13 in file ..\L2\Q2.S
Comment: N2 used once
2 symbols
346 symbols in table
